------------------------------------------------------------
TimeQuest Timing Analyzer Summary
------------------------------------------------------------

Type  : Slow 1200mV 85C Model Setup 'clk'
Slack : -9.860
TNS   : -1241.704

Type  : Slow 1200mV 85C Model Setup 'vga0|pll0|altpll_component|auto_generated|pll1|clk[0]'
Slack : 14.796
TNS   : 0.000

Type  : Slow 1200mV 85C Model Hold 'clk'
Slack : 0.287
TNS   : 0.000

Type  : Slow 1200mV 85C Model Hold 'vga0|pll0|altpll_component|auto_generated|pll1|clk[0]'
Slack : 0.404
TNS   : 0.000

Type  : Slow 1200mV 85C Model Minimum Pulse Width 'clk'
Slack : 9.487
TNS   : 0.000

Type  : Slow 1200mV 85C Model Minimum Pulse Width 'vga0|pll0|altpll_component|auto_generated|pll1|clk[0]'
Slack : 19.707
TNS   : 0.000

Type  : Slow 1200mV 0C Model Setup 'clk'
Slack : -7.135
TNS   : -464.434

Type  : Slow 1200mV 0C Model Setup 'vga0|pll0|altpll_component|auto_generated|pll1|clk[0]'
Slack : 15.349
TNS   : 0.000

Type  : Slow 1200mV 0C Model Hold 'clk'
Slack : 0.301
TNS   : 0.000

Type  : Slow 1200mV 0C Model Hold 'vga0|pll0|altpll_component|auto_generated|pll1|clk[0]'
Slack : 0.355
TNS   : 0.000

Type  : Slow 1200mV 0C Model Minimum Pulse Width 'clk'
Slack : 9.528
TNS   : 0.000

Type  : Slow 1200mV 0C Model Minimum Pulse Width 'vga0|pll0|altpll_component|auto_generated|pll1|clk[0]'
Slack : 19.710
TNS   : 0.000

Type  : Fast 1200mV 0C Model Setup 'clk'
Slack : 5.244
TNS   : 0.000

Type  : Fast 1200mV 0C Model Setup 'vga0|pll0|altpll_component|auto_generated|pll1|clk[0]'
Slack : 17.210
TNS   : 0.000

Type  : Fast 1200mV 0C Model Hold 'clk'
Slack : -0.018
TNS   : -0.030

Type  : Fast 1200mV 0C Model Hold 'vga0|pll0|altpll_component|auto_generated|pll1|clk[0]'
Slack : 0.183
TNS   : 0.000

Type  : Fast 1200mV 0C Model Minimum Pulse Width 'clk'
Slack : 9.371
TNS   : 0.000

Type  : Fast 1200mV 0C Model Minimum Pulse Width 'vga0|pll0|altpll_component|auto_generated|pll1|clk[0]'
Slack : 19.752
TNS   : 0.000

------------------------------------------------------------
